
> nextn@0.1.0 dev
> next dev -p 9002

   ▲ Next.js 15.5.9
   - Local:        http://localhost:9002
   - Network:      http://192.168.1.46:9002
   - Environments: .env.local, .env

 ✓ Starting...
 ✓ Ready in 3.3s
 ○ Compiling / ...
 ✓ Compiled / in 7.7s (868 modules)
 ✓ Compiled in 675ms (323 modules)
 GET / 200 in 8451ms
 ○ Compiling /favicon.ico ...
 ✓ Compiled /favicon.ico in 1503ms (544 modules)
 GET /favicon.ico 200 in 1636ms
 ○ Compiling /api/applications/submit ...
 ✓ Compiled /api/applications/submit in 1195ms (1136 modules)
[Submit API] Received submission for appId: curl-test-01
[Submit API] Existing app check result: Found
[Submit API] Inserting new application curl-test-01...
[Submit API] Revalidating cache tags...
[Submit API] Submission successful.
 POST /api/applications/submit 200 in 4412ms
 GET / 200 in 578ms
 GET /favicon.ico 200 in 39ms
 ○ Compiling /api/auth/[...nextauth] ...
 ✓ Compiled /api/auth/[...nextauth] in 1820ms (1445 modules)
 GET /api/auth/session 200 in 3089ms
 ○ Compiling /login ...
 ✓ Compiled /login in 806ms (1498 modules)
 GET /login 200 in 981ms
 GET /api/auth/providers 200 in 159ms
 GET /api/auth/csrf 200 in 22ms
[Auth] Authorize called for: p.pongsada@gmail.com
[Auth] D1 Enabled. Fetching user...
[Auth] User found: YES
[AuthDebug] Verifying password for hash: present
[AuthDebug] Password match: true
[Auth] Password valid: true
 POST /api/auth/callback/credentials 200 in 2282ms
 GET /api/auth/session 200 in 35ms
 ○ Compiling /middleware ...
 ✓ Compiled /middleware in 638ms (261 modules)
 ○ Compiling /dashboard ...
 ✓ Compiled /dashboard in 5.1s (3899 modules)
 GET / 200 in 1077ms
 GET /dashboard 200 in 6812ms
 POST /dashboard 200 in 1736ms
 GET /dashboard 200 in 948ms
[?25h
